The attribute 'kdl_run' only works in the target 'kdl'.
