fun (C ) {
  (C) = (!@~ (!@~ #2 #3) #2)
}

fun (B ) {
  (B) = @~ @x1 (!@x1.0 x1.0 x1)
}

fun (A ) {
  (A) = (!@~ @~ @x2 (!@x2.0 x2.0 x2) #2)
}

fun (D ) {
  (D) = (!@~ #233 (!@~ #2 @~ #2))
}

