run {
  (& (+ #2 (& (- #3 (& (* #4 (/ #5 (% #6 (& #2 (| #8 (^ #9 (<< #10 (% (>> #23 (% (< #2 (>= #4 (<= (== #4 #4) (> #3 (!= #5 #3))))) #60)) #60)))))))) #1152921504606846975)) #1152921504606846975)) #1152921504606846975)
}
