fun (A ) {
  {A} = #2
}

run {
  (A)
}
run {
  #4
}
