// Jonathan.Joestar : U60
fun (JOJO) {
  (JOJO) =
    #42
}

