fun (A0_ x0) {
  (A0_ #2) = #9
}

// A (b: (B)) (n: U60) : U60
fun (A b n) {
  (A {B_new .0} #1) = (A0_ .0)
}

// B.new (n: U60) : (B)
ctr {B_new n}

