// MyFn : U60
fun (MyFn) {
  (MyFn) =
    #1
} with {
    #2
}

