// Ata : U60
fun (A) {
  (A) = #2
}

// Ce : U60
fun (C) {
  (C) = #4
}

