Function 'MyFn.state' must not have any kdl attributes.
