You should not put arguments on the attribute 'kdl_erase'.
