// CoolFn : (_: U60) U60
fun (CoolFn) {
  (CoolFn) =
    @x (* #2 x)
}

// CoolFnApp (n: U60) : U60
fun (CoolFnApp n) {
  (CoolFnApp n) =
    let lam = @x (!(CoolFn) x);
    (!lam n)
}

