Kindelia name "WowThisNameIsSoLongCantFitOnKdl" for "MyFn" has more than 11 characters.
