Function 'MyFn.state' must have exactly one rule with only variable patterns to be 'kdl_state'.
