   INFO  Inspection

      * Hole: U60 


      /--[suite/checker/Inspection.kind2:3:3]
      |
    2 |    Main =
    3 |      ?
      |      v
      |      \Here!


