   ERROR  This function expects exactly 1 arguments but got 0

      /--[suite/issues/checker/ArityOnLet.kind2:6:13]
      |
    5 |    ArityOnLet = 
    6 |        let a = A
      |                v
      |                \This function requires a fixed number of arguments
    7 |        2


