   INFO  Inspection.

      * Expected: U60 

      * Context: 
      *   n     : (Pair U60 U60) 
      *   n.fst : U60 
      *   n.snd : U60 

      /--[suite/issues/checker/ISSUE457.kind2:10:16]
      |
    9 |        match Pair n {
   10 |            new => ?
      |                   v
      |                   \Here!
   11 |        }


   INFO  Inspection.

      * Expected: U60 

      * Context: 
      *   n     : (Pair U60 U60) 
      *   n.fst : U60 
      *   n.snd : U60 

      /--[suite/issues/checker/ISSUE457.kind2:17:5]
      |
   16 |        open Pair n
   17 |        ?
      |        v
      |        \Here!
   18 |    


   INFO  Inspection.

      * Expected: U60 

      * Context: 
      *   n   : (Pair U60 U60) 
      *   fst : U60 
      *   snd : U60 

      /--[suite/issues/checker/ISSUE457.kind2:22:5]
      |
   21 |        let Pair.new fst snd = n
   22 |        ?
      |        v
      |        \Here!
   23 |    


